<?xml version="1.0" encoding="ISO-8859-1" ?>
<link_info>
   <banner>TI ARM Linker PC v20.2.3.LTS</banner>
   <copyright>Copyright (c) 1996-2018 Texas Instruments Incorporated</copyright>
   <link_time>0x5fcd33e0</link_time>
   <link_errors>0x0</link_errors>
   <output_file>pwmled2_CC3220SF_LAUNCHXL_nortos_ccs.out</output_file>
   <entry_point>
      <name>resetISR</name>
      <address>0x1002b6d</address>
   </entry_point>
   <input_file_list>
      <input_file id="fl-2">
         <path>.\</path>
         <kind>object</kind>
         <file>DRV8847.obj</file>
         <name>DRV8847.obj</name>
      </input_file>
      <input_file id="fl-3">
         <path>.\</path>
         <kind>object</kind>
         <file>OPT3001.obj</file>
         <name>OPT3001.obj</name>
      </input_file>
      <input_file id="fl-4">
         <path>.\</path>
         <kind>object</kind>
         <file>main_nortos.obj</file>
         <name>main_nortos.obj</name>
      </input_file>
      <input_file id="fl-5">
         <path>.\</path>
         <kind>object</kind>
         <file>pwmled2.obj</file>
         <name>pwmled2.obj</name>
      </input_file>
      <input_file id="fl-6">
         <path>.\syscfg\</path>
         <kind>object</kind>
         <file>ti_drivers_config.obj</file>
         <name>ti_drivers_config.obj</name>
      </input_file>
      <input_file id="fl-f">
         <kind>object</kind>
         <file>&lt;internal&gt;</file>
         <name>&lt;internal&gt;</name>
      </input_file>
      <input_file id="fl-10">
         <path>C:\ti\simplelink_cc32xx_sdk_4_30_00_06\source\ti\drivers\lib\ccs\m4\</path>
         <kind>archive</kind>
         <file>drivers_cc32xx.a</file>
         <name>I2C.oem4</name>
      </input_file>
      <input_file id="fl-11">
         <path>C:\ti\simplelink_cc32xx_sdk_4_30_00_06\source\ti\drivers\lib\ccs\m4\</path>
         <kind>archive</kind>
         <file>drivers_cc32xx.a</file>
         <name>GPIOCC32XX.oem4</name>
      </input_file>
      <input_file id="fl-12">
         <path>C:\ti\simplelink_cc32xx_sdk_4_30_00_06\source\ti\drivers\lib\ccs\m4\</path>
         <kind>archive</kind>
         <file>drivers_cc32xx.a</file>
         <name>I2CCC32XX.oem4</name>
      </input_file>
      <input_file id="fl-13">
         <path>C:\ti\simplelink_cc32xx_sdk_4_30_00_06\source\ti\drivers\lib\ccs\m4\</path>
         <kind>archive</kind>
         <file>drivers_cc32xx.a</file>
         <name>PowerCC32XX.oem4</name>
      </input_file>
      <input_file id="fl-14">
         <path>C:\ti\simplelink_cc32xx_sdk_4_30_00_06\source\ti\drivers\lib\ccs\m4\</path>
         <kind>archive</kind>
         <file>drivers_cc32xx.a</file>
         <name>PowerCC32XX_asm.oem4</name>
      </input_file>
      <input_file id="fl-15">
         <path>C:\ti\simplelink_cc32xx_sdk_4_30_00_06\source\ti\drivers\lib\ccs\m4\</path>
         <kind>archive</kind>
         <file>drivers_cc32xx.a</file>
         <name>PWMTimerCC32XX.oem4</name>
      </input_file>
      <input_file id="fl-16">
         <path>C:\ti\simplelink_cc32xx_sdk_4_30_00_06\source\ti\drivers\lib\ccs\m4\</path>
         <kind>archive</kind>
         <file>drivers_cc32xx.a</file>
         <name>TimerCC32XX.oem4</name>
      </input_file>
      <input_file id="fl-17">
         <path>C:\ti\simplelink_cc32xx_sdk_4_30_00_06\source\ti\drivers\lib\ccs\m4\</path>
         <kind>archive</kind>
         <file>drivers_cc32xx.a</file>
         <name>List.oem4</name>
      </input_file>
      <input_file id="fl-18">
         <path>C:\ti\simplelink_cc32xx_sdk_4_30_00_06\kernel\nortos\lib\ccs\m4\</path>
         <kind>archive</kind>
         <file>nortos_cc32xx.a</file>
         <name>posix_sleep.oem4</name>
      </input_file>
      <input_file id="fl-19">
         <path>C:\ti\simplelink_cc32xx_sdk_4_30_00_06\kernel\nortos\lib\ccs\m4\</path>
         <kind>archive</kind>
         <file>nortos_cc32xx.a</file>
         <name>NoRTOS.oem4</name>
      </input_file>
      <input_file id="fl-1a">
         <path>C:\ti\simplelink_cc32xx_sdk_4_30_00_06\kernel\nortos\lib\ccs\m4\</path>
         <kind>archive</kind>
         <file>nortos_cc32xx.a</file>
         <name>SemaphoreP_nortos.oem4</name>
      </input_file>
      <input_file id="fl-1b">
         <path>C:\ti\simplelink_cc32xx_sdk_4_30_00_06\kernel\nortos\lib\ccs\m4\</path>
         <kind>archive</kind>
         <file>nortos_cc32xx.a</file>
         <name>ClockPSysTick_nortos.oem4</name>
      </input_file>
      <input_file id="fl-1c">
         <path>C:\ti\simplelink_cc32xx_sdk_4_30_00_06\kernel\nortos\lib\ccs\m4\</path>
         <kind>archive</kind>
         <file>nortos_cc32xx.a</file>
         <name>HwiPCC32XX_nortos.oem4</name>
      </input_file>
      <input_file id="fl-1d">
         <path>C:\ti\simplelink_cc32xx_sdk_4_30_00_06\kernel\nortos\lib\ccs\m4\</path>
         <kind>archive</kind>
         <file>nortos_cc32xx.a</file>
         <name>PowerCC32XX_nortos.oem4</name>
      </input_file>
      <input_file id="fl-1e">
         <path>C:\ti\simplelink_cc32xx_sdk_4_30_00_06\kernel\nortos\lib\ccs\m4\</path>
         <kind>archive</kind>
         <file>nortos_cc32xx.a</file>
         <name>startup_cc32xx_ccs.oem4</name>
      </input_file>
      <input_file id="fl-1f">
         <path>C:\ti\simplelink_cc32xx_sdk_4_30_00_06\kernel\nortos\lib\ccs\m4\</path>
         <kind>archive</kind>
         <file>nortos_cc32xx.a</file>
         <name>SwiP_nortos.oem4</name>
      </input_file>
      <input_file id="fl-20">
         <path>C:\ti\simplelink_cc32xx_sdk_4_30_00_06\kernel\nortos\lib\ccs\m4\</path>
         <kind>archive</kind>
         <file>nortos_cc32xx.a</file>
         <name>QueueP_nortos.oem4</name>
      </input_file>
      <input_file id="fl-21">
         <path>C:\ti\simplelink_cc32xx_sdk_4_30_00_06\source\ti\devices\cc32xx\driverlib\ccs\Release\</path>
         <kind>archive</kind>
         <file>driverlib.a</file>
         <name>cpu.obj</name>
      </input_file>
      <input_file id="fl-22">
         <path>C:\ti\simplelink_cc32xx_sdk_4_30_00_06\source\ti\devices\cc32xx\driverlib\ccs\Release\</path>
         <kind>archive</kind>
         <file>driverlib.a</file>
         <name>i2c.obj</name>
      </input_file>
      <input_file id="fl-23">
         <path>C:\ti\simplelink_cc32xx_sdk_4_30_00_06\source\ti\devices\cc32xx\driverlib\ccs\Release\</path>
         <kind>archive</kind>
         <file>driverlib.a</file>
         <name>interrupt.obj</name>
      </input_file>
      <input_file id="fl-24">
         <path>C:\ti\simplelink_cc32xx_sdk_4_30_00_06\source\ti\devices\cc32xx\driverlib\ccs\Release\</path>
         <kind>archive</kind>
         <file>driverlib.a</file>
         <name>pin.obj</name>
      </input_file>
      <input_file id="fl-25">
         <path>C:\ti\simplelink_cc32xx_sdk_4_30_00_06\source\ti\devices\cc32xx\driverlib\ccs\Release\</path>
         <kind>archive</kind>
         <file>driverlib.a</file>
         <name>prcm.obj</name>
      </input_file>
      <input_file id="fl-26">
         <path>C:\ti\simplelink_cc32xx_sdk_4_30_00_06\source\ti\devices\cc32xx\driverlib\ccs\Release\</path>
         <kind>archive</kind>
         <file>driverlib.a</file>
         <name>timer.obj</name>
      </input_file>
      <input_file id="fl-27">
         <path>C:\ti\simplelink_cc32xx_sdk_4_30_00_06\source\ti\devices\cc32xx\driverlib\ccs\Release\</path>
         <kind>archive</kind>
         <file>driverlib.a</file>
         <name>utils.obj</name>
      </input_file>
      <input_file id="fl-28">
         <path>C:\ti\simplelink_cc32xx_sdk_4_30_00_06\source\ti\devices\cc32xx\driverlib\ccs\Release\</path>
         <kind>archive</kind>
         <file>driverlib.a</file>
         <name>flash.obj</name>
      </input_file>
      <input_file id="fl-de">
         <path>C:\ti\ccs\ccs\tools\compiler\ti-cgt-arm_20.2.3.LTS\lib\</path>
         <kind>archive</kind>
         <file>rtsv7M4_T_le_eabi.lib</file>
         <name>ll_mul_t2.asm.obj</name>
      </input_file>
      <input_file id="fl-df">
         <path>C:\ti\ccs\ccs\tools\compiler\ti-cgt-arm_20.2.3.LTS\lib\</path>
         <kind>archive</kind>
         <file>rtsv7M4_T_le_eabi.lib</file>
         <name>memcpy_t2.asm.obj</name>
      </input_file>
      <input_file id="fl-e0">
         <path>C:\ti\ccs\ccs\tools\compiler\ti-cgt-arm_20.2.3.LTS\lib\</path>
         <kind>archive</kind>
         <file>rtsv7M4_T_le_eabi.lib</file>
         <name>ull_div_t2.asm.obj</name>
      </input_file>
      <input_file id="fl-e1">
         <path>C:\ti\ccs\ccs\tools\compiler\ti-cgt-arm_20.2.3.LTS\lib\</path>
         <kind>archive</kind>
         <file>rtsv7M4_T_le_eabi.lib</file>
         <name>copy_zero_init.c.obj</name>
      </input_file>
      <input_file id="fl-e2">
         <path>C:\ti\ccs\ccs\tools\compiler\ti-cgt-arm_20.2.3.LTS\lib\</path>
         <kind>archive</kind>
         <file>rtsv7M4_T_le_eabi.lib</file>
         <name>copy_decompress_none.c.obj</name>
      </input_file>
      <input_file id="fl-e3">
         <path>C:\ti\ccs\ccs\tools\compiler\ti-cgt-arm_20.2.3.LTS\lib\</path>
         <kind>archive</kind>
         <file>rtsv7M4_T_le_eabi.lib</file>
         <name>copy_decompress_lzss.c.obj</name>
      </input_file>
      <input_file id="fl-e4">
         <path>C:\ti\ccs\ccs\tools\compiler\ti-cgt-arm_20.2.3.LTS\lib\</path>
         <kind>archive</kind>
         <file>rtsv7M4_T_le_eabi.lib</file>
         <name>memory.c.obj</name>
      </input_file>
      <input_file id="fl-e5">
         <path>C:\ti\ccs\ccs\tools\compiler\ti-cgt-arm_20.2.3.LTS\lib\</path>
         <kind>archive</kind>
         <file>rtsv7M4_T_le_eabi.lib</file>
         <name>boot_cortex_m.c.obj</name>
      </input_file>
      <input_file id="fl-e6">
         <path>C:\ti\ccs\ccs\tools\compiler\ti-cgt-arm_20.2.3.LTS\lib\</path>
         <kind>archive</kind>
         <file>rtsv7M4_T_le_eabi.lib</file>
         <name>div0.asm.obj</name>
      </input_file>
      <input_file id="fl-e7">
         <path>C:\ti\ccs\ccs\tools\compiler\ti-cgt-arm_20.2.3.LTS\lib\</path>
         <kind>archive</kind>
         <file>rtsv7M4_T_le_eabi.lib</file>
         <name>memset_t2.asm.obj</name>
      </input_file>
      <input_file id="fl-e8">
         <path>C:\ti\ccs\ccs\tools\compiler\ti-cgt-arm_20.2.3.LTS\lib\</path>
         <kind>archive</kind>
         <file>rtsv7M4_T_le_eabi.lib</file>
         <name>autoinit.c.obj</name>
      </input_file>
      <input_file id="fl-e9">
         <path>C:\ti\ccs\ccs\tools\compiler\ti-cgt-arm_20.2.3.LTS\lib\</path>
         <kind>archive</kind>
         <file>rtsv7M4_T_le_eabi.lib</file>
         <name>pre_init.c.obj</name>
      </input_file>
      <input_file id="fl-ea">
         <path>C:\ti\ccs\ccs\tools\compiler\ti-cgt-arm_20.2.3.LTS\lib\</path>
         <kind>archive</kind>
         <file>rtsv7M4_T_le_eabi.lib</file>
         <name>cpy_tbl.c.obj</name>
      </input_file>
      <input_file id="fl-eb">
         <path>C:\ti\ccs\ccs\tools\compiler\ti-cgt-arm_20.2.3.LTS\lib\</path>
         <kind>archive</kind>
         <file>rtsv7M4_T_le_eabi.lib</file>
         <name>exit.c.obj</name>
      </input_file>
      <input_file id="fl-ec">
         <path>C:\ti\ccs\ccs\tools\compiler\ti-cgt-arm_20.2.3.LTS\lib\</path>
         <kind>archive</kind>
         <file>rtsv7M4_T_le_eabi.lib</file>
         <name>_lock.c.obj</name>
      </input_file>
      <input_file id="fl-ed">
         <path>C:\ti\ccs\ccs\tools\compiler\ti-cgt-arm_20.2.3.LTS\lib\</path>
         <kind>archive</kind>
         <file>rtsv7M4_T_le_eabi.lib</file>
         <name>args_main.c.obj</name>
      </input_file>
   </input_file_list>
   <object_component_list>
      <object_component id="oc-1d8">
         <name>.text:PRCMCC3200MCUInit</name>
         <load_address>0x1000840</load_address>
         <run_address>0x1000840</run_address>
         <size>0x42c</size>
         <input_file_ref idref="fl-25"/>
      </object_component>
      <object_component id="oc-2a1">
         <name>.text:GPIO_setConfig</name>
         <load_address>0x1000c6c</load_address>
         <run_address>0x1000c6c</run_address>
         <size>0x1e4</size>
         <input_file_ref idref="fl-11"/>
      </object_component>
      <object_component id="oc-343">
         <name>.text:PowerCC32XX_sleepPolicy</name>
         <load_address>0x1000e50</load_address>
         <run_address>0x1000e50</run_address>
         <size>0x19c</size>
         <input_file_ref idref="fl-1d"/>
      </object_component>
      <object_component id="oc-530">
         <name>.text:parkPins</name>
         <load_address>0x1000fec</load_address>
         <run_address>0x1000fec</run_address>
         <size>0x148</size>
         <input_file_ref idref="fl-13"/>
      </object_component>
      <object_component id="oc-455">
         <name>.text:Power_sleep</name>
         <load_address>0x1001134</load_address>
         <run_address>0x1001134</run_address>
         <size>0x138</size>
         <input_file_ref idref="fl-13"/>
      </object_component>
      <object_component id="oc-5aa">
         <name>.text:aligned_alloc</name>
         <load_address>0x100126c</load_address>
         <run_address>0x100126c</run_address>
         <size>0x100</size>
         <input_file_ref idref="fl-e4"/>
      </object_component>
      <object_component id="oc-482">
         <name>.text:free</name>
         <load_address>0x100136c</load_address>
         <run_address>0x100136c</run_address>
         <size>0xe4</size>
         <input_file_ref idref="fl-e4"/>
      </object_component>
      <object_component id="oc-29b">
         <name>.text:GPIO_init</name>
         <load_address>0x1001450</load_address>
         <run_address>0x1001450</run_address>
         <size>0xc4</size>
         <input_file_ref idref="fl-11"/>
      </object_component>
      <object_component id="oc-54d">
         <name>.text:restoreParkedPins</name>
         <load_address>0x1001514</load_address>
         <run_address>0x1001514</run_address>
         <size>0xc0</size>
         <input_file_ref idref="fl-13"/>
      </object_component>
      <object_component id="oc-b6">
         <name>.text:IntEnable</name>
         <load_address>0x10015d4</load_address>
         <run_address>0x10015d4</run_address>
         <size>0xa8</size>
         <input_file_ref idref="fl-23"/>
      </object_component>
      <object_component id="oc-287">
         <name>.text:PowerCC32XX_configureWakeup</name>
         <load_address>0x100167c</load_address>
         <run_address>0x100167c</run_address>
         <size>0xa8</size>
         <input_file_ref idref="fl-13"/>
      </object_component>
      <object_component id="oc-369">
         <name>.text:SemaphoreP_pend</name>
         <load_address>0x1001724</load_address>
         <run_address>0x1001724</run_address>
         <size>0xa0</size>
         <input_file_ref idref="fl-1a"/>
      </object_component>
      <object_component id="oc-3c">
         <name>.text</name>
         <load_address>0x10017c4</load_address>
         <run_address>0x10017c4</run_address>
         <size>0x9c</size>
         <input_file_ref idref="fl-df"/>
      </object_component>
      <object_component id="oc-38b">
         <name>.text:powerNotifyFxn</name>
         <load_address>0x1001860</load_address>
         <run_address>0x1001860</run_address>
         <size>0x98</size>
         <input_file_ref idref="fl-11"/>
      </object_component>
      <object_component id="oc-2bf">
         <name>.text</name>
         <load_address>0x10018f8</load_address>
         <run_address>0x10018f8</run_address>
         <size>0x96</size>
         <input_file_ref idref="fl-e0"/>
      </object_component>
      <object_component id="oc-1e4">
         <name>.text:Board_initHook</name>
         <load_address>0x100198e</load_address>
         <run_address>0x100198e</run_address>
         <size>0x2</size>
         <input_file_ref idref="fl-6"/>
      </object_component>
      <object_component id="oc-541">
         <name>.text:restoreNVICRegs</name>
         <load_address>0x1001990</load_address>
         <run_address>0x1001990</run_address>
         <size>0x90</size>
         <input_file_ref idref="fl-13"/>
      </object_component>
      <object_component id="oc-4ea">
         <name>.text:HwiP_construct</name>
         <load_address>0x1001a20</load_address>
         <run_address>0x1001a20</run_address>
         <size>0x8c</size>
         <input_file_ref idref="fl-1c"/>
      </object_component>
      <object_component id="oc-5fd">
         <name>.text:IntPendSet</name>
         <load_address>0x1001aac</load_address>
         <run_address>0x1001aac</run_address>
         <size>0x88</size>
         <input_file_ref idref="fl-23"/>
      </object_component>
      <object_component id="oc-395">
         <name>.text:PinConfigSet</name>
         <load_address>0x1001b34</load_address>
         <run_address>0x1001b34</run_address>
         <size>0x88</size>
         <input_file_ref idref="fl-24"/>
      </object_component>
      <object_component id="oc-1de">
         <name>.text:Power_init</name>
         <load_address>0x1001bbc</load_address>
         <run_address>0x1001bbc</run_address>
         <size>0x84</size>
         <input_file_ref idref="fl-13"/>
      </object_component>
      <object_component id="oc-536">
         <name>.text:saveNVICRegs</name>
         <load_address>0x1001c40</load_address>
         <run_address>0x1001c40</run_address>
         <size>0x84</size>
         <input_file_ref idref="fl-13"/>
      </object_component>
      <object_component id="oc-39b">
         <name>.text:Power_setDependency</name>
         <load_address>0x1001cc4</load_address>
         <run_address>0x1001cc4</run_address>
         <size>0x80</size>
         <input_file_ref idref="fl-13"/>
      </object_component>
      <object_component id="oc-3bf">
         <name>.text:GPIO_hwiIntFxn</name>
         <load_address>0x1001d44</load_address>
         <run_address>0x1001d44</run_address>
         <size>0x78</size>
         <input_file_ref idref="fl-11"/>
      </object_component>
      <object_component id="oc-2b8">
         <name>.text:_ZN7DRV88475driveEh</name>
         <load_address>0x1001dbc</load_address>
         <run_address>0x1001dbc</run_address>
         <size>0x70</size>
         <input_file_ref idref="fl-2"/>
      </object_component>
      <object_component id="oc-618">
         <name>.text:split</name>
         <load_address>0x1001e2c</load_address>
         <run_address>0x1001e2c</run_address>
         <size>0x70</size>
         <input_file_ref idref="fl-e4"/>
      </object_component>
      <object_component id="oc-1ec">
         <name>.text:_ZN7DRV8847C1Ehhh</name>
         <load_address>0x1001e9c</load_address>
         <run_address>0x1001e9c</run_address>
         <size>0x68</size>
         <input_file_ref idref="fl-2"/>
      </object_component>
      <object_component id="oc-15">
         <name>.text:decompress:lzss:__TI_decompress_lzss</name>
         <load_address>0x1001f04</load_address>
         <run_address>0x1001f04</run_address>
         <size>0x68</size>
         <input_file_ref idref="fl-e3"/>
      </object_component>
      <object_component id="oc-4d2">
         <name>.text:PowerCC32XX_setParkState</name>
         <load_address>0x1001f6c</load_address>
         <run_address>0x1001f6c</run_address>
         <size>0x64</size>
         <input_file_ref idref="fl-13"/>
      </object_component>
      <object_component id="oc-255">
         <name>.text:PRCMSysResetCauseGet</name>
         <load_address>0x1001fd0</load_address>
         <run_address>0x1001fd0</run_address>
         <size>0x60</size>
         <input_file_ref idref="fl-25"/>
      </object_component>
      <object_component id="oc-509">
         <name>.text:getTimeUsec</name>
         <load_address>0x1002030</load_address>
         <run_address>0x1002030</run_address>
         <size>0x60</size>
         <input_file_ref idref="fl-1b"/>
      </object_component>
      <object_component id="oc-36f">
         <name>.text:GPIO_setCallback</name>
         <load_address>0x1002090</load_address>
         <run_address>0x1002090</run_address>
         <size>0x5c</size>
         <input_file_ref idref="fl-11"/>
      </object_component>
      <object_component id="oc-3ea">
         <name>.text:sysTickInit</name>
         <load_address>0x10020ec</load_address>
         <run_address>0x10020ec</run_address>
         <size>0x5c</size>
         <input_file_ref idref="fl-1b"/>
      </object_component>
      <object_component id="oc-2b1">
         <name>.text:GPIO_write</name>
         <load_address>0x1002148</load_address>
         <run_address>0x1002148</run_address>
         <size>0x58</size>
         <input_file_ref idref="fl-11"/>
      </object_component>
      <object_component id="oc-26e">
         <name>.text:PRCMPeripheralReset</name>
         <load_address>0x10021a0</load_address>
         <run_address>0x10021a0</run_address>
         <size>0x58</size>
         <input_file_ref idref="fl-25"/>
      </object_component>
      <object_component id="oc-5da">
         <name>.text:PowerCC32XX_resumeLPDS</name>
         <load_address>0x10021f8</load_address>
         <run_address>0x10021f8</run_address>
         <size>0x52</size>
         <input_file_ref idref="fl-14"/>
      </object_component>
      <object_component id="oc-33d">
         <name>.text:PowerCC32XX_initPolicy</name>
         <load_address>0x100224a</load_address>
         <run_address>0x100224a</run_address>
         <size>0x2</size>
         <input_file_ref idref="fl-1d"/>
      </object_component>
      <object_component id="oc-7a">
         <name>.text:ClockP_sysTickHandler</name>
         <load_address>0x100224c</load_address>
         <run_address>0x100224c</run_address>
         <size>0x50</size>
         <input_file_ref idref="fl-1b"/>
      </object_component>
      <object_component id="oc-3f4">
         <name>.text:SemaphoreP_construct</name>
         <load_address>0x100229c</load_address>
         <run_address>0x100229c</run_address>
         <size>0x50</size>
         <input_file_ref idref="fl-1a"/>
      </object_component>
      <object_component id="oc-4d8">
         <name>.text:GPIO_enableInt</name>
         <load_address>0x10022ec</load_address>
         <run_address>0x10022ec</run_address>
         <size>0x4c</size>
         <input_file_ref idref="fl-11"/>
      </object_component>
      <object_component id="oc-5d1">
         <name>.text:PowerCC32XX_parkPin</name>
         <load_address>0x1002338</load_address>
         <run_address>0x1002338</run_address>
         <size>0x4c</size>
         <input_file_ref idref="fl-13"/>
      </object_component>
      <object_component id="oc-547">
         <name>.text:restorePeriphClocks</name>
         <load_address>0x1002384</load_address>
         <run_address>0x1002384</run_address>
         <size>0x4c</size>
         <input_file_ref idref="fl-13"/>
      </object_component>
      <object_component id="oc-3da">
         <name>.text:ClockP_usleep</name>
         <load_address>0x10023d0</load_address>
         <run_address>0x10023d0</run_address>
         <size>0x48</size>
         <input_file_ref idref="fl-1b"/>
      </object_component>
      <object_component id="oc-5f5">
         <name>.text:FlashDisable</name>
         <load_address>0x1002418</load_address>
         <run_address>0x1002418</run_address>
         <size>0x48</size>
         <input_file_ref idref="fl-28"/>
      </object_component>
      <object_component id="oc-553">
         <name>.text:PRCMLPDSEnter</name>
         <load_address>0x1002460</load_address>
         <run_address>0x1002460</run_address>
         <size>0x48</size>
         <input_file_ref idref="fl-25"/>
      </object_component>
      <object_component id="oc-268">
         <name>.text:PRCMPeripheralClkEnable</name>
         <load_address>0x10024a8</load_address>
         <run_address>0x10024a8</run_address>
         <size>0x48</size>
         <input_file_ref idref="fl-25"/>
      </object_component>
      <object_component id="oc-593">
         <name>.text:ClockP_stop</name>
         <load_address>0x10024f0</load_address>
         <run_address>0x10024f0</run_address>
         <size>0x44</size>
         <input_file_ref idref="fl-1b"/>
      </object_component>
      <object_component id="oc-5df">
         <name>.text:PRCMLPDSRestoreInfoSet</name>
         <load_address>0x1002534</load_address>
         <run_address>0x1002534</run_address>
         <size>0x44</size>
         <input_file_ref idref="fl-25"/>
      </object_component>
      <object_component id="oc-53c">
         <name>.text:PowerCC32XX_enterLPDS</name>
         <load_address>0x1002578</load_address>
         <run_address>0x1002578</run_address>
         <size>0x44</size>
         <input_file_ref idref="fl-14"/>
      </object_component>
      <object_component id="oc-37b">
         <name>.text:SemaphoreP_post</name>
         <load_address>0x10025bc</load_address>
         <run_address>0x10025bc</run_address>
         <size>0x44</size>
         <input_file_ref idref="fl-1a"/>
      </object_component>
      <object_component id="oc-466">
         <name>.text:SwiP_restore</name>
         <load_address>0x1002600</load_address>
         <run_address>0x1002600</run_address>
         <size>0x44</size>
         <input_file_ref idref="fl-1f"/>
      </object_component>
      <object_component id="oc-173">
         <name>.text:__TI_auto_init_nobinit_nopinit:__TI_auto_init_nobinit_nopinit</name>
         <load_address>0x1002644</load_address>
         <run_address>0x1002644</run_address>
         <size>0x44</size>
         <input_file_ref idref="fl-e8"/>
      </object_component>
      <object_component id="oc-280">
         <name>.text:PinModeSet</name>
         <load_address>0x1002688</load_address>
         <run_address>0x1002688</run_address>
         <size>0x40</size>
         <input_file_ref idref="fl-24"/>
      </object_component>
      <object_component id="oc-4a1">
         <name>.text:ClockP_destruct</name>
         <load_address>0x10026c8</load_address>
         <run_address>0x10026c8</run_address>
         <size>0x3c</size>
         <input_file_ref idref="fl-1b"/>
      </object_component>
      <object_component id="oc-160">
         <name>.text:_Z10mainThreadPv</name>
         <load_address>0x1002704</load_address>
         <run_address>0x1002704</run_address>
         <size>0x3a</size>
         <input_file_ref idref="fl-5"/>
      </object_component>
      <object_component id="oc-44f">
         <name>.text:getCountsRTC</name>
         <load_address>0x100273e</load_address>
         <run_address>0x100273e</run_address>
         <size>0x3a</size>
         <input_file_ref idref="fl-1d"/>
      </object_component>
      <object_component id="oc-559">
         <name>.text:PRCMLPDSEnterKeepDebugIf</name>
         <load_address>0x1002778</load_address>
         <run_address>0x1002778</run_address>
         <size>0x38</size>
         <input_file_ref idref="fl-25"/>
      </object_component>
      <object_component id="oc-dc">
         <name>.text:addToList</name>
         <load_address>0x10027b0</load_address>
         <run_address>0x10027b0</run_address>
         <size>0x38</size>
         <input_file_ref idref="fl-1b"/>
      </object_component>
      <object_component id="oc-5a">
         <name>.text:initVectors</name>
         <load_address>0x10027e8</load_address>
         <run_address>0x10027e8</run_address>
         <size>0x38</size>
         <input_file_ref idref="fl-1e"/>
      </object_component>
      <object_component id="oc-52a">
         <name>.text:notify</name>
         <load_address>0x1002820</load_address>
         <run_address>0x1002820</run_address>
         <size>0x38</size>
         <input_file_ref idref="fl-13"/>
      </object_component>
      <object_component id="oc-43d">
         <name>.text:ClockP_getTicksUntilInterrupt</name>
         <load_address>0x1002858</load_address>
         <run_address>0x1002858</run_address>
         <size>0x34</size>
         <input_file_ref idref="fl-1b"/>
      </object_component>
      <object_component id="oc-2c4">
         <name>.text:ClockP_startup</name>
         <load_address>0x100288c</load_address>
         <run_address>0x100288c</run_address>
         <size>0x34</size>
         <input_file_ref idref="fl-1b"/>
      </object_component>
      <object_component id="oc-27a">
         <name>.text:PinModeGet</name>
         <load_address>0x10028c0</load_address>
         <run_address>0x10028c0</run_address>
         <size>0x34</size>
         <input_file_ref idref="fl-24"/>
      </object_component>
      <object_component id="oc-48f">
         <name>.text:ClockP_start</name>
         <load_address>0x10028f4</load_address>
         <run_address>0x10028f4</run_address>
         <size>0x30</size>
         <input_file_ref idref="fl-1b"/>
      </object_component>
      <object_component id="oc-5ee">
         <name>.text:PowerCC32XX_restoreParkedPin</name>
         <load_address>0x1002924</load_address>
         <run_address>0x1002924</run_address>
         <size>0x30</size>
         <input_file_ref idref="fl-13"/>
      </object_component>
      <object_component id="oc-204">
         <name>.text:_ZN7DRV884716openLoopDispenseEh</name>
         <load_address>0x1002954</load_address>
         <run_address>0x1002954</run_address>
         <size>0x2e</size>
         <input_file_ref idref="fl-2"/>
      </object_component>
      <object_component id="oc-3a7">
         <name>.text:HwiP_create</name>
         <load_address>0x1002982</load_address>
         <run_address>0x1002982</run_address>
         <size>0x2a</size>
         <input_file_ref idref="fl-1c"/>
      </object_component>
      <object_component id="oc-20a">
         <name>.text:ClockP_sleep</name>
         <load_address>0x10029ac</load_address>
         <run_address>0x10029ac</run_address>
         <size>0x28</size>
         <input_file_ref idref="fl-1b"/>
      </object_component>
      <object_component id="oc-274">
         <name>.text:PRCMPeripheralClkDisable</name>
         <load_address>0x10029d4</load_address>
         <run_address>0x10029d4</run_address>
         <size>0x28</size>
         <input_file_ref idref="fl-25"/>
      </object_component>
      <object_component id="oc-375">
         <name>.text:Power_registerNotify</name>
         <load_address>0x10029fc</load_address>
         <run_address>0x10029fc</run_address>
         <size>0x28</size>
         <input_file_ref idref="fl-13"/>
      </object_component>
      <object_component id="oc-58b">
         <name>.text:free_list_insert</name>
         <load_address>0x1002a24</load_address>
         <run_address>0x1002a24</run_address>
         <size>0x28</size>
         <input_file_ref idref="fl-e4"/>
      </object_component>
      <object_component id="oc-4b2">
         <name>.text:List_put</name>
         <load_address>0x1002a4c</load_address>
         <run_address>0x1002a4c</run_address>
         <size>0x26</size>
         <input_file_ref idref="fl-17"/>
      </object_component>
      <object_component id="oc-3fa">
         <name>.text:SemaphoreP_destruct</name>
         <load_address>0x1002a72</load_address>
         <run_address>0x1002a72</run_address>
         <size>0x2</size>
         <input_file_ref idref="fl-1a"/>
      </object_component>
      <object_component id="oc-5b4">
         <name>.text:HwiP_dispatch</name>
         <load_address>0x1002a74</load_address>
         <run_address>0x1002a74</run_address>
         <size>0x24</size>
         <input_file_ref idref="fl-1c"/>
      </object_component>
      <object_component id="oc-c6">
         <name>.text:_c_int00_noargs:_c_int00_noargs</name>
         <load_address>0x1002a98</load_address>
         <run_address>0x1002a98</run_address>
         <size>0x24</size>
         <input_file_ref idref="fl-e5"/>
      </object_component>
      <object_component id="oc-2ca">
         <name>.text:sleepTicks</name>
         <load_address>0x1002abc</load_address>
         <run_address>0x1002abc</run_address>
         <size>0x24</size>
         <input_file_ref idref="fl-1b"/>
      </object_component>
      <object_component id="oc-5cb">
         <name>.text:PinToPadGet</name>
         <load_address>0x1002ae0</load_address>
         <run_address>0x1002ae0</run_address>
         <size>0x1c</size>
         <input_file_ref idref="fl-24"/>
      </object_component>
      <object_component id="oc-431">
         <name>.text:SwiP_disable</name>
         <load_address>0x1002afc</load_address>
         <run_address>0x1002afc</run_address>
         <size>0x1c</size>
         <input_file_ref idref="fl-1f"/>
      </object_component>
      <object_component id="oc-48">
         <name>.text:decompress:ZI:__TI_zero_init_nomemset:__TI_zero_init_nomemset</name>
         <load_address>0x1002b18</load_address>
         <run_address>0x1002b18</run_address>
         <size>0x1c</size>
         <input_file_ref idref="fl-e1"/>
      </object_component>
      <object_component id="oc-585">
         <name>.text:free_list_remove</name>
         <load_address>0x1002b34</load_address>
         <run_address>0x1002b34</run_address>
         <size>0x1c</size>
         <input_file_ref idref="fl-e4"/>
      </object_component>
      <object_component id="oc-351">
         <name>.text:SemaphoreP_createBinary</name>
         <load_address>0x1002b50</load_address>
         <run_address>0x1002b50</run_address>
         <size>0x1a</size>
         <input_file_ref idref="fl-1a"/>
      </object_component>
      <object_component id="oc-30a">
         <name>.text:_nop</name>
         <load_address>0x1002b6a</load_address>
         <run_address>0x1002b6a</run_address>
         <size>0x2</size>
         <input_file_ref idref="fl-ec"/>
      </object_component>
      <object_component id="oc-22">
         <name>.text:resetISR</name>
         <load_address>0x1002b6c</load_address>
         <run_address>0x1002b6c</run_address>
         <size>0x1a</size>
         <input_file_ref idref="fl-1e"/>
      </object_component>
      <object_component id="oc-74">
         <name>.text:busFaultHandler</name>
         <load_address>0x1002b86</load_address>
         <run_address>0x1002b86</run_address>
         <size>0x2</size>
         <input_file_ref idref="fl-1e"/>
      </object_component>
      <object_component id="oc-443">
         <name>.text:Power_getTransitionLatency</name>
         <load_address>0x1002b88</load_address>
         <run_address>0x1002b88</run_address>
         <size>0x18</size>
         <input_file_ref idref="fl-13"/>
      </object_component>
      <object_component id="oc-608">
         <name>.text:Power_idleFunc</name>
         <load_address>0x1002ba0</load_address>
         <run_address>0x1002ba0</run_address>
         <size>0x18</size>
         <input_file_ref idref="fl-13"/>
      </object_component>
      <object_component id="oc-45b">
         <name>.text</name>
         <load_address>0x1002bb8</load_address>
         <run_address>0x1002bb8</run_address>
         <size>0x18</size>
         <input_file_ref idref="fl-de"/>
      </object_component>
      <object_component id="oc-262">
         <name>.text:PRCMHIBRegRead</name>
         <load_address>0x1002bd0</load_address>
         <run_address>0x1002bd0</run_address>
         <size>0x16</size>
         <input_file_ref idref="fl-25"/>
      </object_component>
      <object_component id="oc-25c">
         <name>.text:PRCMHIBRegWrite</name>
         <load_address>0x1002be6</load_address>
         <run_address>0x1002be6</run_address>
         <size>0x16</size>
         <input_file_ref idref="fl-25"/>
      </object_component>
      <object_component id="oc-477">
         <name>.text:SemaphoreP_create</name>
         <load_address>0x1002bfc</load_address>
         <run_address>0x1002bfc</run_address>
         <size>0x16</size>
         <input_file_ref idref="fl-1a"/>
      </object_component>
      <object_component id="oc-1f8">
         <name>.text:_ZN7DRV884714setTapePerStepEh</name>
         <load_address>0x1002c12</load_address>
         <run_address>0x1002c12</run_address>
         <size>0x16</size>
         <input_file_ref idref="fl-2"/>
      </object_component>
      <object_component id="oc-1f2">
         <name>.text:_ZN7DRV884719setComponentSpacingEh</name>
         <load_address>0x1002c28</load_address>
         <run_address>0x1002c28</run_address>
         <size>0x16</size>
         <input_file_ref idref="fl-2"/>
      </object_component>
      <object_component id="oc-a4">
         <name>.text:CPUcpsid</name>
         <load_address>0x1002c3e</load_address>
         <run_address>0x1002c3e</run_address>
         <size>0x14</size>
         <input_file_ref idref="fl-21"/>
      </object_component>
      <object_component id="oc-4a7">
         <name>.text:clkFxn</name>
         <load_address>0x1002c52</load_address>
         <run_address>0x1002c52</run_address>
         <size>0x2</size>
         <input_file_ref idref="fl-1a"/>
      </object_component>
      <object_component id="oc-4b9">
         <name>.text:HwiP_inISR</name>
         <load_address>0x1002c54</load_address>
         <run_address>0x1002c54</run_address>
         <size>0x14</size>
         <input_file_ref idref="fl-1c"/>
      </object_component>
      <object_component id="oc-b0">
         <name>.text:IntVTableBaseSet</name>
         <load_address>0x1002c68</load_address>
         <run_address>0x1002c68</run_address>
         <size>0x14</size>
         <input_file_ref idref="fl-23"/>
      </object_component>
      <object_component id="oc-4bf">
         <name>.text:Power_disablePolicy</name>
         <load_address>0x1002c7c</load_address>
         <run_address>0x1002c7c</run_address>
         <size>0x14</size>
         <input_file_ref idref="fl-13"/>
      </object_component>
      <object_component id="oc-5e7">
         <name>.text:Power_getDependencyCount</name>
         <load_address>0x1002c90</load_address>
         <run_address>0x1002c90</run_address>
         <size>0x14</size>
         <input_file_ref idref="fl-13"/>
      </object_component>
      <object_component id="oc-3a1">
         <name>.text:HwiP_Params_init</name>
         <load_address>0x1002ca4</load_address>
         <run_address>0x1002ca4</run_address>
         <size>0x12</size>
         <input_file_ref idref="fl-1c"/>
      </object_component>
      <object_component id="oc-11b">
         <name>.text:main</name>
         <load_address>0x1002cb6</load_address>
         <run_address>0x1002cb6</run_address>
         <size>0x12</size>
         <input_file_ref idref="fl-4"/>
      </object_component>
      <object_component id="oc-154">
         <name>.text:Board_init</name>
         <load_address>0x1002cc8</load_address>
         <run_address>0x1002cc8</run_address>
         <size>0x10</size>
         <input_file_ref idref="fl-6"/>
      </object_component>
      <object_component id="oc-489">
         <name>.text:ClockP_add</name>
         <load_address>0x1002cd8</load_address>
         <run_address>0x1002cd8</run_address>
         <size>0x10</size>
         <input_file_ref idref="fl-1b"/>
      </object_component>
      <object_component id="oc-42b">
         <name>.text:ClockP_getCpuFreq</name>
         <load_address>0x1002ce8</load_address>
         <run_address>0x1002ce8</run_address>
         <size>0x10</size>
         <input_file_ref idref="fl-1b"/>
      </object_component>
      <object_component id="oc-449">
         <name>.text:ClockP_getSystemTicks</name>
         <load_address>0x1002cf8</load_address>
         <run_address>0x1002cf8</run_address>
         <size>0x10</size>
         <input_file_ref idref="fl-1b"/>
      </object_component>
      <object_component id="oc-460">
         <name>.text:ClockP_setTicks</name>
         <load_address>0x1002d08</load_address>
         <run_address>0x1002d08</run_address>
         <size>0x10</size>
         <input_file_ref idref="fl-1b"/>
      </object_component>
      <object_component id="oc-35d">
         <name>.text:HwiP_restore</name>
         <load_address>0x1002d18</load_address>
         <run_address>0x1002d18</run_address>
         <size>0x10</size>
         <input_file_ref idref="fl-1c"/>
      </object_component>
      <object_component id="oc-495">
         <name>.text:Power_enablePolicy</name>
         <load_address>0x1002d28</load_address>
         <run_address>0x1002d28</run_address>
         <size>0x10</size>
         <input_file_ref idref="fl-13"/>
      </object_component>
      <object_component id="oc-471">
         <name>.text:SemaphoreP_Params_init</name>
         <load_address>0x1002d38</load_address>
         <run_address>0x1002d38</run_address>
         <size>0x10</size>
         <input_file_ref idref="fl-1a"/>
      </object_component>
      <object_component id="oc-1fe">
         <name>.text:_ZN7DRV884712driverEnableEv</name>
         <load_address>0x1002d48</load_address>
         <run_address>0x1002d48</run_address>
         <size>0x10</size>
         <input_file_ref idref="fl-2"/>
      </object_component>
      <object_component id="oc-357">
         <name>.text:HwiP_disable</name>
         <load_address>0x1002d58</load_address>
         <run_address>0x1002d58</run_address>
         <size>0xe</size>
         <input_file_ref idref="fl-1c"/>
      </object_component>
      <object_component id="oc-15a">
         <name>.text:HwiP_enable</name>
         <load_address>0x1002d66</load_address>
         <run_address>0x1002d66</run_address>
         <size>0xe</size>
         <input_file_ref idref="fl-1c"/>
      </object_component>
      <object_component id="oc-1b">
         <name>.text:decompress:none:__TI_decompress_none</name>
         <load_address>0x1002d74</load_address>
         <run_address>0x1002d74</run_address>
         <size>0xe</size>
         <input_file_ref idref="fl-e2"/>
      </object_component>
      <object_component id="oc-6e">
         <name>.text:defaultHandler</name>
         <load_address>0x1002d82</load_address>
         <run_address>0x1002d82</run_address>
         <size>0x2</size>
         <input_file_ref idref="fl-1e"/>
      </object_component>
      <object_component id="oc-437">
         <name>.text:Power_getConstraintMask</name>
         <load_address>0x1002d84</load_address>
         <run_address>0x1002d84</run_address>
         <size>0xc</size>
         <input_file_ref idref="fl-13"/>
      </object_component>
      <object_component id="oc-295">
         <name>.text:_ZN7OPT3001C1Ev</name>
         <load_address>0x1002d90</load_address>
         <run_address>0x1002d90</run_address>
         <size>0xc</size>
         <input_file_ref idref="fl-3"/>
      </object_component>
      <object_component id="oc-49b">
         <name>.text:ClockP_isActive</name>
         <load_address>0x1002d9c</load_address>
         <run_address>0x1002d9c</run_address>
         <size>0xa</size>
         <input_file_ref idref="fl-1b"/>
      </object_component>
      <object_component id="oc-54">
         <name>.text:IntMasterDisable</name>
         <load_address>0x1002da6</load_address>
         <run_address>0x1002da6</run_address>
         <size>0xa</size>
         <input_file_ref idref="fl-23"/>
      </object_component>
      <object_component id="oc-4e4">
         <name>.text:malloc</name>
         <load_address>0x1002db0</load_address>
         <run_address>0x1002db0</run_address>
         <size>0x8</size>
         <input_file_ref idref="fl-e4"/>
      </object_component>
      <object_component id="oc-25b">
         <name>.text:UtilsDelay</name>
         <load_address>0x1002db8</load_address>
         <run_address>0x1002db8</run_address>
         <size>0x6</size>
         <input_file_ref idref="fl-27"/>
      </object_component>
      <object_component id="oc-562">
         <name>.text:HwiP_post</name>
         <load_address>0x1002dbe</load_address>
         <run_address>0x1002dbe</run_address>
         <size>0x4</size>
         <input_file_ref idref="fl-1c"/>
      </object_component>
      <object_component id="oc-363">
         <name>.text:SemaphoreP_delete</name>
         <load_address>0x1002dc2</load_address>
         <run_address>0x1002dc2</run_address>
         <size>0x4</size>
         <input_file_ref idref="fl-1a"/>
      </object_component>
      <object_component id="oc-115">
         <name>.text:_system_pre_init</name>
         <load_address>0x1002dc6</load_address>
         <run_address>0x1002dc6</run_address>
         <size>0x4</size>
         <input_file_ref idref="fl-e9"/>
      </object_component>
      <object_component id="oc-167">
         <name>.text:abort:abort</name>
         <load_address>0x1002dca</load_address>
         <run_address>0x1002dca</run_address>
         <size>0x4</size>
         <input_file_ref idref="fl-eb"/>
      </object_component>
      <object_component id="oc-68">
         <name>.text:faultISR</name>
         <load_address>0x1002dce</load_address>
         <run_address>0x1002dce</run_address>
         <size>0x2</size>
         <input_file_ref idref="fl-1e"/>
      </object_component>
      <object_component id="oc-62">
         <name>.text:nmiISR</name>
         <load_address>0x1002dd0</load_address>
         <run_address>0x1002dd0</run_address>
         <size>0x2</size>
         <input_file_ref idref="fl-1e"/>
      </object_component>
      <object_component id="oc-3e4">
         <name>.text</name>
         <load_address>0x1002dd2</load_address>
         <run_address>0x1002dd2</run_address>
         <size>0x2</size>
         <input_file_ref idref="fl-e6"/>
      </object_component>
      <object_component id="oc-333">
         <name>.const:g_ulPinToPadMap</name>
         <load_address>0x1002dd4</load_address>
         <run_address>0x1002dd4</run_address>
         <size>0x100</size>
         <input_file_ref idref="fl-24"/>
      </object_component>
      <object_component id="oc-32c">
         <name>.const:PRCM_PeriphRegsList</name>
         <load_address>0x1002ed4</load_address>
         <run_address>0x1002ed4</run_address>
         <size>0xa8</size>
         <input_file_ref idref="fl-25"/>
      </object_component>
      <object_component id="oc-290">
         <name>.const:PowerCC32XX_config</name>
         <load_address>0x1002f7c</load_address>
         <run_address>0x1002f7c</run_address>
         <size>0x44</size>
         <input_file_ref idref="fl-6"/>
      </object_component>
      <object_component id="oc-3ad">
         <name>.const:.string:pinTable</name>
         <load_address>0x1002fc0</load_address>
         <run_address>0x1002fc0</run_address>
         <size>0x21</size>
         <input_file_ref idref="fl-11"/>
      </object_component>
      <object_component id="oc-10f">
         <name>.const:g_pulEnRegs</name>
         <load_address>0x1002fe4</load_address>
         <run_address>0x1002fe4</run_address>
         <size>0x18</size>
         <input_file_ref idref="fl-23"/>
      </object_component>
      <object_component id="oc-629">
         <name>.const:g_pulPendRegs</name>
         <load_address>0x1002ffc</load_address>
         <run_address>0x1002ffc</run_address>
         <size>0x18</size>
         <input_file_ref idref="fl-23"/>
      </object_component>
      <object_component id="oc-385">
         <name>.const:GPIOCC32XX_config</name>
         <load_address>0x1003014</load_address>
         <run_address>0x1003014</run_address>
         <size>0x14</size>
         <input_file_ref idref="fl-6"/>
      </object_component>
      <object_component id="oc-3c8">
         <name>.const:gpioBaseAddresses</name>
         <load_address>0x1003028</load_address>
         <run_address>0x1003028</run_address>
         <size>0x14</size>
         <input_file_ref idref="fl-11"/>
      </object_component>
      <object_component id="oc-3b0">
         <name>.const:powerResources</name>
         <load_address>0x100303c</load_address>
         <run_address>0x100303c</run_address>
         <size>0x14</size>
         <input_file_ref idref="fl-11"/>
      </object_component>
      <object_component id="oc-3e0">
         <name>.const:drive_seq</name>
         <load_address>0x1003050</load_address>
         <run_address>0x1003050</run_address>
         <size>0x8</size>
         <input_file_ref idref="fl-2"/>
      </object_component>
      <object_component id="oc-3b6">
         <name>.const:outPinTypes</name>
         <load_address>0x1003058</load_address>
         <run_address>0x1003058</run_address>
         <size>0x8</size>
         <input_file_ref idref="fl-11"/>
      </object_component>
      <object_component id="oc-3c5">
         <name>.const:.string:interruptType</name>
         <load_address>0x1003060</load_address>
         <run_address>0x1003060</run_address>
         <size>0x6</size>
         <input_file_ref idref="fl-11"/>
      </object_component>
      <object_component id="oc-3b9">
         <name>.const:inPinTypes</name>
         <load_address>0x1003066</load_address>
         <run_address>0x1003066</run_address>
         <size>0x6</size>
         <input_file_ref idref="fl-11"/>
      </object_component>
      <object_component id="oc-3b3">
         <name>.const:outPinStrengths</name>
         <load_address>0x100306c</load_address>
         <run_address>0x100306c</run_address>
         <size>0x6</size>
         <input_file_ref idref="fl-11"/>
      </object_component>
      <object_component id="oc-3bc">
         <name>.const:.string:portInterruptIds</name>
         <load_address>0x1003072</load_address>
         <run_address>0x1003072</run_address>
         <size>0x4</size>
         <input_file_ref idref="fl-11"/>
      </object_component>
      <object_component id="oc-665">
         <name>.cinit..data.load</name>
         <load_address>0x1003078</load_address>
         <run_address>0x1003078</run_address>
         <size>0xc5</size>
      </object_component>
      <object_component id="oc-663">
         <name>__TI_handler_table</name>
         <load_address>0x1003140</load_address>
         <run_address>0x1003140</run_address>
         <size>0xc</size>
      </object_component>
      <object_component id="oc-666">
         <name>.cinit..bss.load</name>
         <load_address>0x1003150</load_address>
         <run_address>0x1003150</run_address>
         <size>0x8</size>
      </object_component>
      <object_component id="oc-664">
         <name>__TI_cinit_table</name>
         <load_address>0x1003158</load_address>
         <run_address>0x1003158</run_address>
         <size>0x10</size>
      </object_component>
      <object_component id="oc-4c8">
         <name>.data:gpioPinConfigs</name>
         <load_address>0x2000888c</load_address>
         <run_address>0x2000888c</run_address>
         <size>0xc</size>
         <input_file_ref idref="fl-6"/>
      </object_component>
      <object_component id="oc-4cb">
         <name>.data:gpioCallbackFunctions</name>
         <load_address>0x20008880</load_address>
         <run_address>0x20008880</run_address>
         <size>0xc</size>
         <input_file_ref idref="fl-6"/>
      </object_component>
      <object_component id="oc-349">
         <name>.data:parkInfo</name>
         <load_address>0x20008788</load_address>
         <run_address>0x20008788</run_address>
         <size>0xf8</size>
         <input_file_ref idref="fl-6"/>
      </object_component>
      <object_component id="oc-382">
         <name>.data</name>
         <load_address>0x20008898</load_address>
         <run_address>0x20008898</run_address>
         <size>0x9</size>
         <input_file_ref idref="fl-11"/>
      </object_component>
      <object_component id="oc-28d">
         <name>.data:PowerCC32XX_module</name>
         <load_address>0x2000861c</load_address>
         <run_address>0x2000861c</run_address>
         <size>0x16c</size>
         <input_file_ref idref="fl-13"/>
      </object_component>
      <object_component id="oc-4ad">
         <name>.data</name>
         <load_address>0x200088a1</load_address>
         <run_address>0x200088a1</run_address>
         <size>0x3</size>
         <input_file_ref idref="fl-1a"/>
      </object_component>
      <object_component id="oc-56d">
         <name>.data:SemaphoreP_defaultParams</name>
         <load_address>0x200088b4</load_address>
         <run_address>0x200088b4</run_address>
         <size>0x8</size>
         <input_file_ref idref="fl-1a"/>
      </object_component>
      <object_component id="oc-2d0">
         <name>.data</name>
         <load_address>0x200088c4</load_address>
         <run_address>0x200088c4</run_address>
         <size>0x5</size>
         <input_file_ref idref="fl-1b"/>
      </object_component>
      <object_component id="oc-5b1">
         <name>.data:HwiP_dispatchTable</name>
         <load_address>0x20008310</load_address>
         <run_address>0x20008310</run_address>
         <size>0x30c</size>
         <input_file_ref idref="fl-1c"/>
      </object_component>
      <object_component id="oc-568">
         <name>.data</name>
         <load_address>0x200088bc</load_address>
         <run_address>0x200088bc</run_address>
         <size>0x8</size>
         <input_file_ref idref="fl-1c"/>
      </object_component>
      <object_component id="oc-610">
         <name>.data:$O1$$</name>
         <load_address>0x200088ac</load_address>
         <run_address>0x200088ac</run_address>
         <size>0x8</size>
         <input_file_ref idref="fl-e4"/>
      </object_component>
      <object_component id="oc-21c">
         <name>.data:$O1$$</name>
         <load_address>0x200088a4</load_address>
         <run_address>0x200088a4</run_address>
         <size>0x8</size>
         <input_file_ref idref="fl-ec"/>
      </object_component>
      <object_component id="oc-391">
         <name>.bss:gpioCallbackInfo</name>
         <uninitialized>true</uninitialized>
         <run_address>0x200089fc</run_address>
         <size>0x20</size>
         <input_file_ref idref="fl-11"/>
      </object_component>
      <object_component id="oc-388">
         <name>.bss:powerNotifyObj</name>
         <uninitialized>true</uninitialized>
         <run_address>0x20008a1c</run_address>
         <size>0x14</size>
         <input_file_ref idref="fl-11"/>
      </object_component>
      <object_component id="oc-381">
         <name>.bss</name>
         <uninitialized>true</uninitialized>
         <run_address>0x20008a50</run_address>
         <size>0x4</size>
         <input_file_ref idref="fl-11"/>
      </object_component>
      <object_component id="oc-3f0">
         <name>.bss</name>
         <uninitialized>true</uninitialized>
         <run_address>0x20008a54</run_address>
         <size>0x4</size>
         <input_file_ref idref="fl-1b"/>
      </object_component>
      <object_component id="oc-51b">
         <name>.bss</name>
         <uninitialized>true</uninitialized>
         <run_address>0x20008a40</run_address>
         <size>0xd</size>
         <input_file_ref idref="fl-1f"/>
      </object_component>
      <object_component id="oc-5d8">
         <name>.common:PowerCC32XX_contextSave</name>
         <uninitialized>true</uninitialized>
         <run_address>0x200088d0</run_address>
         <size>0x12c</size>
      </object_component>
      <object_component id="oc-e2">
         <name>.common:ClockP_ctrl</name>
         <uninitialized>true</uninitialized>
         <run_address>0x20008a30</run_address>
         <size>0x10</size>
      </object_component>
      <object_component id="oc-2b">
         <name>.sysmem</name>
         <uninitialized>true</uninitialized>
         <run_address>0x20000310</run_address>
         <size>0x10</size>
         <input_file_ref idref="fl-e4"/>
      </object_component>
      <object_component id="oc-669">
         <name>.sysmem</name>
         <uninitialized>true</uninitialized>
         <run_address>0x20000310</run_address>
         <size>0x0</size>
      </object_component>
      <object_component id="oc-2e">
         <name>.stack</name>
         <uninitialized>true</uninitialized>
         <run_address>0x2003f000</run_address>
         <size>0x4</size>
         <input_file_ref idref="fl-e5"/>
      </object_component>
      <object_component id="oc-668">
         <name>.stack</name>
         <uninitialized>true</uninitialized>
         <run_address>0x2003f000</run_address>
         <size>0x0</size>
      </object_component>
      <object_component id="oc-28">
         <name>.resetVecs:retain</name>
         <load_address>0x1000800</load_address>
         <run_address>0x1000800</run_address>
         <size>0x40</size>
         <input_file_ref idref="fl-1e"/>
      </object_component>
      <object_component id="oc-bc">
         <name>.ramVecs</name>
         <uninitialized>true</uninitialized>
         <run_address>0x20000000</run_address>
         <size>0x30c</size>
         <input_file_ref idref="fl-1e"/>
      </object_component>
      <object_component id="oc-2a8">
         <name>.debug_info</name>
         <load_address>0x0</load_address>
         <run_address>0x0</run_address>
         <size>0x979</size>
         <input_file_ref idref="fl-2"/>
      </object_component>
      <object_component id="oc-3e1">
         <name>.debug_info</name>
         <load_address>0x979</load_address>
         <run_address>0x979</run_address>
         <size>0x108</size>
         <input_file_ref idref="fl-2"/>
      </object_component>
      <object_component id="oc-1ed">
         <name>.debug_info</name>
         <load_address>0xa81</load_address>
         <run_address>0xa81</run_address>
         <size>0x263</size>
         <input_file_ref idref="fl-2"/>
      </object_component>
      <object_component id="oc-1f3">
         <name>.debug_info</name>
         <load_address>0xce4</load_address>
         <run_address>0xce4</run_address>
         <size>0x1b1</size>
         <input_file_ref idref="fl-2"/>
      </object_component>
      <object_component id="oc-1f9">
         <name>.debug_info</name>
         <load_address>0xe95</load_address>
         <run_address>0xe95</run_address>
         <size>0x1a3</size>
         <input_file_ref idref="fl-2"/>
      </object_component>
      <object_component id="oc-205">
         <name>.debug_info</name>
         <load_address>0x1038</load_address>
         <run_address>0x1038</run_address>
         <size>0x1e5</size>
         <input_file_ref idref="fl-2"/>
      </object_component>
      <object_component id="oc-1ff">
         <name>.debug_info</name>
         <load_address>0x121d</load_address>
         <run_address>0x121d</run_address>
         <size>0x185</size>
         <input_file_ref idref="fl-2"/>
      </object_component>
      <object_component id="oc-2b9">
         <name>.debug_info</name>
         <load_address>0x13a2</load_address>
         <run_address>0x13a2</run_address>
         <size>0x1d5</size>
         <input_file_ref idref="fl-2"/>
      </object_component>
      <object_component id="oc-2d6">
         <name>.debug_info</name>
         <load_address>0x1577</load_address>
         <run_address>0x1577</run_address>
         <size>0x4c8</size>
         <input_file_ref idref="fl-2"/>
      </object_component>
      <object_component id="oc-213">
         <name>.debug_info</name>
         <load_address>0x1a3f</load_address>
         <run_address>0x1a3f</run_address>
         <size>0x1a9</size>
         <input_file_ref idref="fl-2"/>
      </object_component>
      <object_component id="oc-2db">
         <name>.debug_info</name>
         <load_address>0x1be8</load_address>
         <run_address>0x1be8</run_address>
         <size>0x2cb</size>
         <input_file_ref idref="fl-2"/>
      </object_component>
      <object_component id="oc-2e0">
         <name>.debug_info</name>
         <load_address>0x1eb3</load_address>
         <run_address>0x1eb3</run_address>
         <size>0x164</size>
         <input_file_ref idref="fl-2"/>
      </object_component>
      <object_component id="oc-2e5">
         <name>.debug_info</name>
         <load_address>0x2017</load_address>
         <run_address>0x2017</run_address>
         <size>0x4c2</size>
         <input_file_ref idref="fl-2"/>
      </object_component>
      <object_component id="oc-2ea">
         <name>.debug_info</name>
         <load_address>0x24d9</load_address>
         <run_address>0x24d9</run_address>
         <size>0x3b9</size>
         <input_file_ref idref="fl-2"/>
      </object_component>
      <object_component id="oc-2ef">
         <name>.debug_info</name>
         <load_address>0x2892</load_address>
         <run_address>0x2892</run_address>
         <size>0x170</size>
         <input_file_ref idref="fl-2"/>
      </object_component>
      <object_component id="oc-37">
         <name>.debug_info</name>
         <load_address>0x2a02</load_address>
         <run_address>0x2a02</run_address>
         <size>0x84</size>
         <input_file_ref idref="fl-2"/>
      </object_component>
      <object_component id="oc-3d4">
         <name>.debug_info</name>
         <load_address>0x2a86</load_address>
         <run_address>0x2a86</run_address>
         <size>0x3b</size>
         <input_file_ref idref="fl-2"/>
      </object_component>
      <object_component id="oc-303">
         <name>.debug_info</name>
         <load_address>0x2ac1</load_address>
         <run_address>0x2ac1</run_address>
         <size>0x2d6</size>
         <input_file_ref idref="fl-2"/>
      </object_component>
      <object_component id="oc-2f9">
         <name>.debug_info</name>
         <load_address>0x2d97</load_address>
         <run_address>0x2d97</run_address>
         <size>0xef</size>
         <input_file_ref idref="fl-2"/>
      </object_component>
      <object_component id="oc-2aa">
         <name>.debug_info</name>
         <load_address>0x2e86</load_address>
         <run_address>0x2e86</run_address>
         <size>0xbb</size>
         <input_file_ref idref="fl-2"/>
      </object_component>
      <object_component id="oc-2fe">
         <name>.debug_info</name>
         <load_address>0x2f41</load_address>
         <run_address>0x2f41</run_address>
         <size>0x2a1</size>
         <input_file_ref idref="fl-2"/>
      </object_component>
      <object_component id="oc-403">
         <name>.debug_info</name>
         <load_address>0x31e2</load_address>
         <run_address>0x31e2</run_address>
         <size>0x46</size>
         <input_file_ref idref="fl-2"/>
      </object_component>
      <object_component id="oc-3cf">
         <name>.debug_info</name>
         <load_address>0x3228</load_address>
         <run_address>0x3228</run_address>
         <size>0x53</size>
         <input_file_ref idref="fl-2"/>
      </object_component>
      <object_component id="oc-2f4">
         <name>.debug_info</name>
         <load_address>0x327b</load_address>
         <run_address>0x327b</run_address>
         <size>0x2c</size>
         <input_file_ref idref="fl-2"/>
      </object_component>
      <object_component id="oc-34f">
         <name>.debug_info</name>
         <load_address>0x32a7</load_address>
         <run_address>0x32a7</run_address>
         <size>0x75b</size>
         <input_file_ref idref="fl-3"/>
      </object_component>
      <object_component id="oc-296">
         <name>.debug_info</name>
         <load_address>0x3a02</load_address>
         <run_address>0x3a02</run_address>
         <size>0x163</size>
         <input_file_ref idref="fl-3"/>
      </object_component>
      <object_component id="oc-109">
         <name>.debug_info</name>
         <load_address>0x3b65</load_address>
         <run_address>0x3b65</run_address>
         <size>0x8b</size>
         <input_file_ref idref="fl-3"/>
      </object_component>
      <object_component id="oc-11f">
         <name>.debug_info</name>
         <load_address>0x3bf0</load_address>
         <run_address>0x3bf0</run_address>
         <size>0x178</size>
         <input_file_ref idref="fl-4"/>
      </object_component>
      <object_component id="oc-211">
         <name>.debug_info</name>
         <load_address>0x3d68</load_address>
         <run_address>0x3d68</run_address>
         <size>0x9fd</size>
         <input_file_ref idref="fl-5"/>
      </object_component>
      <object_component id="oc-161">
         <name>.debug_info</name>
         <load_address>0x4765</load_address>
         <run_address>0x4765</run_address>
         <size>0x235</size>
         <input_file_ref idref="fl-5"/>
      </object_component>
      <object_component id="oc-14e">
         <name>.debug_info</name>
         <load_address>0x499a</load_address>
         <run_address>0x499a</run_address>
         <size>0x553</size>
         <input_file_ref idref="fl-6"/>
      </object_component>
      <object_component id="oc-4c9">
         <name>.debug_info</name>
         <load_address>0x4eed</load_address>
         <run_address>0x4eed</run_address>
         <size>0x11f</size>
         <input_file_ref idref="fl-6"/>
      </object_component>
      <object_component id="oc-4cc">
         <name>.debug_info</name>
         <load_address>0x500c</load_address>
         <run_address>0x500c</run_address>
         <size>0x12d</size>
         <input_file_ref idref="fl-6"/>
      </object_component>
      <object_component id="oc-386">
         <name>.debug_info</name>
         <load_address>0x5139</load_address>
         <run_address>0x5139</run_address>
         <size>0x125</size>
         <input_file_ref idref="fl-6"/>
      </object_component>
      <object_component id="oc-291">
         <name>.debug_info</name>
         <load_address>0x525e</load_address>
         <run_address>0x525e</run_address>
         <size>0x127</size>
         <input_file_ref idref="fl-6"/>
      </object_component>
      <object_component id="oc-34a">
         <name>.debug_info</name>
         <load_address>0x5385</load_address>
         <run_address>0x5385</run_address>
         <size>0x113</size>
         <input_file_ref idref="fl-6"/>
      </object_component>
      <object_component id="oc-1e7">
         <name>.debug_info</name>
         <load_address>0x5498</load_address>
         <run_address>0x5498</run_address>
         <size>0x16e</size>
         <input_file_ref idref="fl-6"/>
      </object_component>
      <object_component id="oc-157">
         <name>.debug_info</name>
         <load_address>0x5606</load_address>
         <run_address>0x5606</run_address>
         <size>0x1a4</size>
         <input_file_ref idref="fl-6"/>
      </object_component>
      <object_component id="oc-1b3">
         <name>.debug_info</name>
         <load_address>0x57aa</load_address>
         <run_address>0x57aa</run_address>
         <size>0x3b0</size>
         <input_file_ref idref="fl-6"/>
      </object_component>
      <object_component id="oc-1bd">
         <name>.debug_info</name>
         <load_address>0x5b5a</load_address>
         <run_address>0x5b5a</run_address>
         <size>0x30f</size>
         <input_file_ref idref="fl-6"/>
      </object_component>
      <object_component id="oc-135">
         <name>.debug_info</name>
         <load_address>0x5e69</load_address>
         <run_address>0x5e69</run_address>
         <size>0x100</size>
         <input_file_ref idref="fl-6"/>
      </object_component>
      <object_component id="oc-246">
         <name>.debug_info</name>
         <load_address>0x5f69</load_address>
         <run_address>0x5f69</run_address>
         <size>0xf8</size>
         <input_file_ref idref="fl-6"/>
      </object_component>
      <object_component id="oc-1c7">
         <name>.debug_info</name>
         <load_address>0x6061</load_address>
         <run_address>0x6061</run_address>
         <size>0x878</size>
         <input_file_ref idref="fl-6"/>
      </object_component>
      <object_component id="oc-1ae">
         <name>.debug_info</name>
         <load_address>0x68d9</load_address>
         <run_address>0x68d9</run_address>
         <size>0x9a</size>
         <input_file_ref idref="fl-6"/>
      </object_component>
      <object_component id="oc-241">
         <name>.debug_info</name>
         <load_address>0x6973</load_address>
         <run_address>0x6973</run_address>
         <size>0xb6</size>
         <input_file_ref idref="fl-6"/>
      </object_component>
      <object_component id="oc-1b8">
         <name>.debug_info</name>
         <load_address>0x6a29</load_address>
         <run_address>0x6a29</run_address>
         <size>0x223</size>
         <input_file_ref idref="fl-6"/>
      </object_component>
      <object_component id="oc-1c2">
         <name>.debug_info</name>
         <load_address>0x6c4c</load_address>
         <run_address>0x6c4c</run_address>
         <size>0x10e</size>
         <input_file_ref idref="fl-6"/>
      </object_component>
      <object_component id="oc-e8">
         <name>.debug_info</name>
         <load_address>0x6d5a</load_address>
         <run_address>0x6d5a</run_address>
         <size>0x26b</size>
         <input_file_ref idref="fl-6"/>
      </object_component>
      <object_component id="oc-1cc">
         <name>.debug_info</name>
         <load_address>0x6fc5</load_address>
         <run_address>0x6fc5</run_address>
         <size>0xa1</size>
         <input_file_ref idref="fl-6"/>
      </object_component>
      <object_component id="oc-41b">
         <name>.debug_info</name>
         <load_address>0x7066</load_address>
         <run_address>0x7066</run_address>
         <size>0x62</size>
         <input_file_ref idref="fl-6"/>
      </object_component>
      <object_component id="oc-1d1">
         <name>.debug_info</name>
         <load_address>0x70c8</load_address>
         <run_address>0x70c8</run_address>
         <size>0x3b</size>
         <input_file_ref idref="fl-6"/>
      </object_component>
      <object_component id="oc-149">
         <name>.debug_info</name>
         <load_address>0x7103</load_address>
         <run_address>0x7103</run_address>
         <size>0x2a4</size>
         <input_file_ref idref="fl-6"/>
      </object_component>
      <object_component id="oc-1a9">
         <name>.debug_info</name>
         <load_address>0x73a7</load_address>
         <run_address>0x73a7</run_address>
         <size>0xef</size>
         <input_file_ref idref="fl-6"/>
      </object_component>
      <object_component id="oc-130">
         <name>.debug_info</name>
         <load_address>0x7496</load_address>
         <run_address>0x7496</run_address>
         <size>0xbb</size>
         <input_file_ref idref="fl-6"/>
      </object_component>
      <object_component id="oc-ab">
         <name>.debug_info</name>
         <load_address>0x7551</load_address>
         <run_address>0x7551</run_address>
         <size>0x2c</size>
         <input_file_ref idref="fl-6"/>
      </object_component>
      <object_component id="oc-250">
         <name>.debug_info</name>
         <load_address>0x757d</load_address>
         <run_address>0x757d</run_address>
         <size>0x53</size>
         <input_file_ref idref="fl-6"/>
      </object_component>
      <object_component id="oc-1a5">
         <name>.debug_info</name>
         <load_address>0x75d0</load_address>
         <run_address>0x75d0</run_address>
         <size>0x42f</size>
         <input_file_ref idref="fl-10"/>
      </object_component>
      <object_component id="oc-23a">
         <name>.debug_info</name>
         <load_address>0x79ff</load_address>
         <run_address>0x79ff</run_address>
         <size>0x3b0</size>
         <input_file_ref idref="fl-10"/>
      </object_component>
      <object_component id="oc-13a">
         <name>.debug_info</name>
         <load_address>0x7daf</load_address>
         <run_address>0x7daf</run_address>
         <size>0x110</size>
         <input_file_ref idref="fl-10"/>
      </object_component>
      <object_component id="oc-3cc">
         <name>.debug_info</name>
         <load_address>0x7ebf</load_address>
         <run_address>0x7ebf</run_address>
         <size>0x5dd</size>
         <input_file_ref idref="fl-11"/>
      </object_component>
      <object_component id="oc-3c6">
         <name>.debug_info</name>
         <load_address>0x849c</load_address>
         <run_address>0x849c</run_address>
         <size>0xe0</size>
         <input_file_ref idref="fl-11"/>
      </object_component>
      <object_component id="oc-3bd">
         <name>.debug_info</name>
         <load_address>0x857c</load_address>
         <run_address>0x857c</run_address>
         <size>0xe6</size>
         <input_file_ref idref="fl-11"/>
      </object_component>
      <object_component id="oc-3ba">
         <name>.debug_info</name>
         <load_address>0x8662</load_address>
         <run_address>0x8662</run_address>
         <size>0xdb</size>
         <input_file_ref idref="fl-11"/>
      </object_component>
      <object_component id="oc-3b7">
         <name>.debug_info</name>
         <load_address>0x873d</load_address>
         <run_address>0x873d</run_address>
         <size>0xdd</size>
         <input_file_ref idref="fl-11"/>
      </object_component>
      <object_component id="oc-3b4">
         <name>.debug_info</name>
         <load_address>0x881a</load_address>
         <run_address>0x881a</run_address>
         <size>0xe5</size>
         <input_file_ref idref="fl-11"/>
      </object_component>
      <object_component id="oc-3ae">
         <name>.debug_info</name>
         <load_address>0x88ff</load_address>
         <run_address>0x88ff</run_address>
         <size>0xd6</size>
         <input_file_ref idref="fl-11"/>
      </object_component>
      <object_component id="oc-3c9">
         <name>.debug_info</name>
         <load_address>0x89d5</load_address>
         <run_address>0x89d5</run_address>
         <size>0xe8</size>
         <input_file_ref idref="fl-11"/>
      </object_component>
      <object_component id="oc-3b1">
         <name>.debug_info</name>
         <load_address>0x8abd</load_address>
         <run_address>0x8abd</run_address>
         <size>0xe2</size>
         <input_file_ref idref="fl-11"/>
      </object_component>
      <object_component id="oc-392">
         <name>.debug_info</name>
         <load_address>0x8b9f</load_address>
         <run_address>0x8b9f</run_address>
         <size>0xe6</size>
         <input_file_ref idref="fl-11"/>
      </object_component>
      <object_component id="oc-383">
         <name>.debug_info</name>
         <load_address>0x8c85</load_address>
         <run_address>0x8c85</run_address>
         <size>0x14e</size>
         <input_file_ref idref="fl-11"/>
      </object_component>
      <object_component id="oc-389">
         <name>.debug_info</name>
         <load_address>0x8dd3</load_address>
         <run_address>0x8dd3</run_address>
         <size>0xe2</size>
         <input_file_ref idref="fl-11"/>
      </object_component>
      <object_component id="oc-3c2">
         <name>.debug_info</name>
         <load_address>0x8eb5</load_address>
         <run_address>0x8eb5</run_address>
         <size>0x1ba</size>
         <input_file_ref idref="fl-11"/>
      </object_component>
      <object_component id="oc-2a4">
         <name>.debug_info</name>
         <load_address>0x906f</load_address>
         <run_address>0x906f</run_address>
         <size>0x3e6</size>
         <input_file_ref idref="fl-11"/>
      </object_component>
      <object_component id="oc-4db">
         <name>.debug_info</name>
         <load_address>0x9455</load_address>
         <run_address>0x9455</run_address>
         <size>0x197</size>
         <input_file_ref idref="fl-11"/>
      </object_component>
      <object_component id="oc-38e">
         <name>.debug_info</name>
         <load_address>0x95ec</load_address>
         <run_address>0x95ec</run_address>
         <size>0x1ec</size>
         <input_file_ref idref="fl-11"/>
      </object_component>
      <object_component id="oc-2b4">
         <name>.debug_info</name>
         <load_address>0x97d8</load_address>
         <run_address>0x97d8</run_address>
         <size>0x1ca</size>
         <input_file_ref idref="fl-11"/>
      </object_component>
      <object_component id="oc-373">
         <name>.debug_info</name>
         <load_address>0x99a2</load_address>
         <run_address>0x99a2</run_address>
         <size>0x1ac</size>
         <input_file_ref idref="fl-11"/>
      </object_component>
      <object_component id="oc-29f">
         <name>.debug_info</name>
         <load_address>0x9b4e</load_address>
         <run_address>0x9b4e</run_address>
         <size>0x23a</size>
         <input_file_ref idref="fl-11"/>
      </object_component>
      <object_component id="oc-504">
         <name>.debug_info</name>
         <load_address>0x9d88</load_address>
         <run_address>0x9d88</run_address>
         <size>0x9d</size>
         <input_file_ref idref="fl-11"/>
      </object_component>
      <object_component id="oc-1a6">
         <name>.debug_info</name>
         <load_address>0x9e25</load_address>
         <run_address>0x9e25</run_address>
         <size>0xa91</size>
         <input_file_ref idref="fl-12"/>
      </object_component>
      <object_component id="oc-13f">
         <name>.debug_info</name>
         <load_address>0xa8b6</load_address>
         <run_address>0xa8b6</run_address>
         <size>0x137</size>
         <input_file_ref idref="fl-12"/>
      </object_component>
      <object_component id="oc-24b">
         <name>.debug_info</name>
         <load_address>0xa9ed</load_address>
         <run_address>0xa9ed</run_address>
         <size>0x223</size>
         <input_file_ref idref="fl-12"/>
      </object_component>
      <object_component id="oc-339">
         <name>.debug_info</name>
         <load_address>0xac10</load_address>
         <run_address>0xac10</run_address>
         <size>0x5a4</size>
         <input_file_ref idref="fl-13"/>
      </object_component>
      <object_component id="oc-28e">
         <name>.debug_info</name>
         <load_address>0xb1b4</load_address>
         <run_address>0xb1b4</run_address>
         <size>0xed</size>
         <input_file_ref idref="fl-13"/>
      </object_component>
      <object_component id="oc-52c">
         <name>.debug_info</name>
         <load_address>0xb2a1</load_address>
         <run_address>0xb2a1</run_address>
         <size>0x167</size>
         <input_file_ref idref="fl-13"/>
      </object_component>
      <object_component id="oc-5d3">
         <name>.debug_info</name>
         <load_address>0xb408</load_address>
         <run_address>0xb408</run_address>
         <size>0x255</size>
         <input_file_ref idref="fl-13"/>
      </object_component>
      <object_component id="oc-532">
         <name>.debug_info</name>
         <load_address>0xb65d</load_address>
         <run_address>0xb65d</run_address>
         <size>0x191</size>
         <input_file_ref idref="fl-13"/>
      </object_component>
      <object_component id="oc-538">
         <name>.debug_info</name>
         <load_address>0xb7ee</load_address>
         <run_address>0xb7ee</run_address>
         <size>0x121</size>
         <input_file_ref idref="fl-13"/>
      </object_component>
      <object_component id="oc-544">
         <name>.debug_info</name>
         <load_address>0xb90f</load_address>
         <run_address>0xb90f</run_address>
         <size>0x127</size>
         <input_file_ref idref="fl-13"/>
      </object_component>
      <object_component id="oc-5e9">
         <name>.debug_info</name>
         <load_address>0xba36</load_address>
         <run_address>0xba36</run_address>
         <size>0x18a</size>
         <input_file_ref idref="fl-13"/>
      </object_component>
      <object_component id="oc-54a">
         <name>.debug_info</name>
         <load_address>0xbbc0</load_address>
         <run_address>0xbbc0</run_address>
         <size>0x167</size>
         <input_file_ref idref="fl-13"/>
      </object_component>
      <object_component id="oc-5f0">
         <name>.debug_info</name>
[...]
         <value>0x1001451</value>
         <object_component_ref idref="oc-29b"/>
      </symbol>
      <symbol id="sm-26d">
         <name>outPinStrengths</name>
         <value>0x100306c</value>
         <object_component_ref idref="oc-3b3"/>
      </symbol>
      <symbol id="sm-26e">
         <name>GPIO_enableInt</name>
         <value>0x10022ed</value>
         <object_component_ref idref="oc-4d8"/>
      </symbol>
      <symbol id="sm-26f">
         <name>inPinTypes</name>
         <value>0x1003066</value>
         <object_component_ref idref="oc-3b9"/>
      </symbol>
      <symbol id="sm-270">
         <name>outPinTypes</name>
         <value>0x1003058</value>
         <object_component_ref idref="oc-3b6"/>
      </symbol>
      <symbol id="sm-271">
         <name>GPIO_write</name>
         <value>0x1002149</value>
         <object_component_ref idref="oc-2b1"/>
      </symbol>
      <symbol id="sm-272">
         <name>GPIO_setCallback</name>
         <value>0x1002091</value>
         <object_component_ref idref="oc-36f"/>
      </symbol>
      <symbol id="sm-273">
         <name>GPIO_hwiIntFxn</name>
         <value>0x1001d45</value>
         <object_component_ref idref="oc-3bf"/>
      </symbol>
      <symbol id="sm-3b9">
         <name>PowerCC32XX_contextSave</name>
         <value>0x200088d0</value>
      </symbol>
      <symbol id="sm-3ba">
         <name>PowerCC32XX_configureWakeup</name>
         <value>0x100167d</value>
         <object_component_ref idref="oc-287"/>
      </symbol>
      <symbol id="sm-3bb">
         <name>Power_registerNotify</name>
         <value>0x10029fd</value>
         <object_component_ref idref="oc-375"/>
      </symbol>
      <symbol id="sm-3bc">
         <name>PowerCC32XX_restoreParkedPin</name>
         <value>0x1002925</value>
         <object_component_ref idref="oc-5ee"/>
      </symbol>
      <symbol id="sm-3bd">
         <name>Power_sleep</name>
         <value>0x1001135</value>
         <object_component_ref idref="oc-455"/>
      </symbol>
      <symbol id="sm-3be">
         <name>Power_idleFunc</name>
         <value>0x1002ba1</value>
         <object_component_ref idref="oc-608"/>
      </symbol>
      <symbol id="sm-3bf">
         <name>Power_getConstraintMask</name>
         <value>0x1002d85</value>
         <object_component_ref idref="oc-437"/>
      </symbol>
      <symbol id="sm-3c0">
         <name>Power_disablePolicy</name>
         <value>0x1002c7d</value>
         <object_component_ref idref="oc-4bf"/>
      </symbol>
      <symbol id="sm-3c1">
         <name>Power_init</name>
         <value>0x1001bbd</value>
         <object_component_ref idref="oc-1de"/>
      </symbol>
      <symbol id="sm-3c2">
         <name>PowerCC32XX_setParkState</name>
         <value>0x1001f6d</value>
         <object_component_ref idref="oc-4d2"/>
      </symbol>
      <symbol id="sm-3c3">
         <name>Power_getDependencyCount</name>
         <value>0x1002c91</value>
         <object_component_ref idref="oc-5e7"/>
      </symbol>
      <symbol id="sm-3c4">
         <name>Power_enablePolicy</name>
         <value>0x1002d29</value>
         <object_component_ref idref="oc-495"/>
      </symbol>
      <symbol id="sm-3c5">
         <name>PowerCC32XX_parkPin</name>
         <value>0x1002339</value>
         <object_component_ref idref="oc-5d1"/>
      </symbol>
      <symbol id="sm-3c6">
         <name>PowerCC32XX_module</name>
         <value>0x2000861c</value>
         <object_component_ref idref="oc-28d"/>
      </symbol>
      <symbol id="sm-3c7">
         <name>Power_getTransitionLatency</name>
         <value>0x1002b89</value>
         <object_component_ref idref="oc-443"/>
      </symbol>
      <symbol id="sm-3c8">
         <name>Power_setDependency</name>
         <value>0x1001cc5</value>
         <object_component_ref idref="oc-39b"/>
      </symbol>
      <symbol id="sm-3d9">
         <name>PowerCC32XX_enterLPDS</name>
         <value>0x1002579</value>
         <object_component_ref idref="oc-53c"/>
      </symbol>
      <symbol id="sm-3da">
         <name>PowerCC32XX_resumeLPDS</name>
         <value>0x10021f9</value>
         <object_component_ref idref="oc-5da"/>
      </symbol>
      <symbol id="sm-3ea">
         <name>List_put</name>
         <value>0x1002a4d</value>
         <object_component_ref idref="oc-4b2"/>
      </symbol>
      <symbol id="sm-46e">
         <name>SemaphoreP_defaultParams</name>
         <value>0x200088b4</value>
         <object_component_ref idref="oc-56d"/>
      </symbol>
      <symbol id="sm-46f">
         <name>SemaphoreP_construct</name>
         <value>0x100229d</value>
         <object_component_ref idref="oc-3f4"/>
      </symbol>
      <symbol id="sm-470">
         <name>SemaphoreP_create</name>
         <value>0x1002bfd</value>
         <object_component_ref idref="oc-477"/>
      </symbol>
      <symbol id="sm-471">
         <name>SemaphoreP_destruct</name>
         <value>0x1002a73</value>
         <object_component_ref idref="oc-3fa"/>
      </symbol>
      <symbol id="sm-472">
         <name>SemaphoreP_post</name>
         <value>0x10025bd</value>
         <object_component_ref idref="oc-37b"/>
      </symbol>
      <symbol id="sm-473">
         <name>SemaphoreP_pend</name>
         <value>0x1001725</value>
         <object_component_ref idref="oc-369"/>
      </symbol>
      <symbol id="sm-474">
         <name>SemaphoreP_delete</name>
         <value>0x1002dc3</value>
         <object_component_ref idref="oc-363"/>
      </symbol>
      <symbol id="sm-475">
         <name>SemaphoreP_createBinary</name>
         <value>0x1002b51</value>
         <object_component_ref idref="oc-351"/>
      </symbol>
      <symbol id="sm-476">
         <name>SemaphoreP_Params_init</name>
         <value>0x1002d39</value>
         <object_component_ref idref="oc-471"/>
      </symbol>
      <symbol id="sm-477">
         <name>clkFxn</name>
         <value>0x1002c53</value>
         <object_component_ref idref="oc-4a7"/>
      </symbol>
      <symbol id="sm-562">
         <name>ClockP_ctrl</name>
         <value>0x20008a30</value>
      </symbol>
      <symbol id="sm-563">
         <name>ClockP_doTick</name>
         <value>0x100224d</value>
         <object_component_ref idref="oc-7a"/>
      </symbol>
      <symbol id="sm-564">
         <name>ClockP_startup</name>
         <value>0x100288d</value>
         <object_component_ref idref="oc-2c4"/>
      </symbol>
      <symbol id="sm-565">
         <name>ClockP_stop</name>
         <value>0x10024f1</value>
         <object_component_ref idref="oc-593"/>
      </symbol>
      <symbol id="sm-566">
         <name>ClockP_getTicksUntilInterrupt</name>
         <value>0x1002859</value>
         <object_component_ref idref="oc-43d"/>
      </symbol>
      <symbol id="sm-567">
         <name>ClockP_setTicks</name>
         <value>0x1002d09</value>
         <object_component_ref idref="oc-460"/>
      </symbol>
      <symbol id="sm-568">
         <name>ClockP_tickPeriod</name>
         <value>0x200088c4</value>
         <object_component_ref idref="oc-2d0"/>
      </symbol>
      <symbol id="sm-569">
         <name>ClockP_usleep</name>
         <value>0x10023d1</value>
         <object_component_ref idref="oc-3da"/>
      </symbol>
      <symbol id="sm-56a">
         <name>ClockP_getSystemTicks</name>
         <value>0x1002cf9</value>
         <object_component_ref idref="oc-449"/>
      </symbol>
      <symbol id="sm-56b">
         <name>ClockP_destruct</name>
         <value>0x10026c9</value>
         <object_component_ref idref="oc-4a1"/>
      </symbol>
      <symbol id="sm-56c">
         <name>ClockP_start</name>
         <value>0x10028f5</value>
         <object_component_ref idref="oc-48f"/>
      </symbol>
      <symbol id="sm-56d">
         <name>ClockP_sysTickHandler</name>
         <value>0x100224d</value>
         <object_component_ref idref="oc-7a"/>
      </symbol>
      <symbol id="sm-56e">
         <name>ClockP_isActive</name>
         <value>0x1002d9d</value>
         <object_component_ref idref="oc-49b"/>
      </symbol>
      <symbol id="sm-56f">
         <name>ClockP_sleep</name>
         <value>0x10029ad</value>
         <object_component_ref idref="oc-20a"/>
      </symbol>
      <symbol id="sm-570">
         <name>ClockP_getCpuFreq</name>
         <value>0x1002ce9</value>
         <object_component_ref idref="oc-42b"/>
      </symbol>
      <symbol id="sm-571">
         <name>ClockP_add</name>
         <value>0x1002cd9</value>
         <object_component_ref idref="oc-489"/>
      </symbol>
      <symbol id="sm-5e2">
         <name>HwiP_construct</name>
         <value>0x1001a21</value>
         <object_component_ref idref="oc-4ea"/>
      </symbol>
      <symbol id="sm-5e3">
         <name>HwiP_inISR</name>
         <value>0x1002c55</value>
         <object_component_ref idref="oc-4b9"/>
      </symbol>
      <symbol id="sm-5e4">
         <name>HwiP_dispatch</name>
         <value>0x1002a75</value>
         <object_component_ref idref="oc-5b4"/>
      </symbol>
      <symbol id="sm-5e5">
         <name>HwiP_swiPIntNum</name>
         <value>0x200088c0</value>
         <object_component_ref idref="oc-568"/>
      </symbol>
      <symbol id="sm-5e6">
         <name>HwiP_Params_init</name>
         <value>0x1002ca5</value>
         <object_component_ref idref="oc-3a1"/>
      </symbol>
      <symbol id="sm-5e7">
         <name>HwiP_disable</name>
         <value>0x1002d59</value>
         <object_component_ref idref="oc-357"/>
      </symbol>
      <symbol id="sm-5e8">
         <name>HwiP_key</name>
         <value>0x200088bc</value>
         <object_component_ref idref="oc-568"/>
      </symbol>
      <symbol id="sm-5e9">
         <name>HwiP_create</name>
         <value>0x1002983</value>
         <object_component_ref idref="oc-3a7"/>
      </symbol>
      <symbol id="sm-5ea">
         <name>HwiP_post</name>
         <value>0x1002dbf</value>
         <object_component_ref idref="oc-562"/>
      </symbol>
      <symbol id="sm-5eb">
         <name>HwiP_enable</name>
         <value>0x1002d67</value>
         <object_component_ref idref="oc-15a"/>
      </symbol>
      <symbol id="sm-5ec">
         <name>HwiP_restore</name>
         <value>0x1002d19</value>
         <object_component_ref idref="oc-35d"/>
      </symbol>
      <symbol id="sm-61c">
         <name>PowerCC32XX_initPolicy</name>
         <value>0x100224b</value>
         <object_component_ref idref="oc-33d"/>
      </symbol>
      <symbol id="sm-61d">
         <name>PowerCC32XX_sleepPolicy</name>
         <value>0x1000e51</value>
         <object_component_ref idref="oc-343"/>
      </symbol>
      <symbol id="sm-672">
         <name>resetISR</name>
         <value>0x1002b6d</value>
         <object_component_ref idref="oc-22"/>
      </symbol>
      <symbol id="sm-673">
         <name>resetVectorAddr</name>
         <value>0x1002b80</value>
         <object_component_ref idref="oc-22"/>
      </symbol>
      <symbol id="sm-674">
         <name>initVectors</name>
         <value>0x10027e9</value>
         <object_component_ref idref="oc-5a"/>
      </symbol>
      <symbol id="sm-675">
         <name>resetVectors</name>
         <value>0x1000800</value>
         <object_component_ref idref="oc-28"/>
      </symbol>
      <symbol id="sm-6a5">
         <name>SwiP_disable</name>
         <value>0x1002afd</value>
         <object_component_ref idref="oc-431"/>
      </symbol>
      <symbol id="sm-6a6">
         <name>SwiP_restore</name>
         <value>0x1002601</value>
         <object_component_ref idref="oc-466"/>
      </symbol>
      <symbol id="sm-6b1">
         <name>CPUcpsid</name>
         <value>0x1002c3f</value>
         <object_component_ref idref="oc-a4"/>
      </symbol>
      <symbol id="sm-6f7">
         <name>IntVTableBaseSet</name>
         <value>0x1002c69</value>
         <object_component_ref idref="oc-b0"/>
      </symbol>
      <symbol id="sm-6f8">
         <name>IntEnable</name>
         <value>0x10015d5</value>
         <object_component_ref idref="oc-b6"/>
      </symbol>
      <symbol id="sm-6f9">
         <name>IntMasterDisable</name>
         <value>0x1002da7</value>
         <object_component_ref idref="oc-54"/>
      </symbol>
      <symbol id="sm-6fa">
         <name>IntPendSet</name>
         <value>0x1001aad</value>
         <object_component_ref idref="oc-5fd"/>
      </symbol>
      <symbol id="sm-734">
         <name>PinModeGet</name>
         <value>0x10028c1</value>
         <object_component_ref idref="oc-27a"/>
      </symbol>
      <symbol id="sm-735">
         <name>PinConfigSet</name>
         <value>0x1001b35</value>
         <object_component_ref idref="oc-395"/>
      </symbol>
      <symbol id="sm-736">
         <name>PinModeSet</name>
         <value>0x1002689</value>
         <object_component_ref idref="oc-280"/>
      </symbol>
      <symbol id="sm-737">
         <name>PinToPadGet</name>
         <value>0x1002ae1</value>
         <object_component_ref idref="oc-5cb"/>
      </symbol>
      <symbol id="sm-800">
         <name>PRCMLPDSRestoreInfoSet</name>
         <value>0x1002535</value>
         <object_component_ref idref="oc-5df"/>
      </symbol>
      <symbol id="sm-801">
         <name>PRCMPeripheralReset</name>
         <value>0x10021a1</value>
         <object_component_ref idref="oc-26e"/>
      </symbol>
      <symbol id="sm-802">
         <name>PRCMLPDSEnter</name>
         <value>0x1002461</value>
         <object_component_ref idref="oc-553"/>
      </symbol>
      <symbol id="sm-803">
         <name>PRCMPeripheralClkEnable</name>
         <value>0x10024a9</value>
         <object_component_ref idref="oc-268"/>
      </symbol>
      <symbol id="sm-804">
         <name>PRCMLPDSEnterKeepDebugIf</name>
         <value>0x1002779</value>
         <object_component_ref idref="oc-559"/>
      </symbol>
      <symbol id="sm-805">
         <name>PRCMCC3200MCUInit</name>
         <value>0x1000841</value>
         <object_component_ref idref="oc-1d8"/>
      </symbol>
      <symbol id="sm-806">
         <name>PRCMHIBRegWrite</name>
         <value>0x1002be7</value>
         <object_component_ref idref="oc-25c"/>
      </symbol>
      <symbol id="sm-807">
         <name>PRCMSysResetCauseGet</name>
         <value>0x1001fd1</value>
         <object_component_ref idref="oc-255"/>
      </symbol>
      <symbol id="sm-808">
         <name>PRCMPeripheralClkDisable</name>
         <value>0x10029d5</value>
         <object_component_ref idref="oc-274"/>
      </symbol>
      <symbol id="sm-809">
         <name>PRCMHIBRegRead</name>
         <value>0x1002bd1</value>
         <object_component_ref idref="oc-262"/>
      </symbol>
      <symbol id="sm-80e">
         <name>UtilsDelay</name>
         <value>0x1002db9</value>
         <object_component_ref idref="oc-25b"/>
      </symbol>
      <symbol id="sm-81e">
         <name>FlashDisable</name>
         <value>0x1002419</value>
         <object_component_ref idref="oc-5f5"/>
      </symbol>
      <symbol id="sm-827">
         <name>__aeabi_lmul</name>
         <value>0x1002bb9</value>
         <object_component_ref idref="oc-45b"/>
      </symbol>
      <symbol id="sm-842">
         <name>memcpy</name>
         <value>0x10017c5</value>
         <object_component_ref idref="oc-3c"/>
      </symbol>
      <symbol id="sm-843">
         <name>__aeabi_memcpy</name>
         <value>0x10017c5</value>
         <object_component_ref idref="oc-3c"/>
      </symbol>
      <symbol id="sm-844">
         <name>__aeabi_memcpy8</name>
         <value>0x10017c5</value>
         <object_component_ref idref="oc-3c"/>
      </symbol>
      <symbol id="sm-845">
         <name>__aeabi_memcpy4</name>
         <value>0x10017c5</value>
         <object_component_ref idref="oc-3c"/>
      </symbol>
      <symbol id="sm-852">
         <name>__aeabi_uldivmod</name>
         <value>0x10018f9</value>
         <object_component_ref idref="oc-2bf"/>
      </symbol>
      <symbol id="sm-866">
         <name>__TI_zero_init_nomemset</name>
         <value>0x1002b19</value>
         <object_component_ref idref="oc-48"/>
      </symbol>
      <symbol id="sm-87d">
         <name>__TI_decompress_none</name>
         <value>0x1002d75</value>
         <object_component_ref idref="oc-1b"/>
      </symbol>
      <symbol id="sm-8a0">
         <name>__TI_decompress_lzss</name>
         <value>0x1001f05</value>
         <object_component_ref idref="oc-15"/>
      </symbol>
      <symbol id="sm-929">
         <name>_sys_memory</name>
         <value>0x20000310</value>
         <object_component_ref idref="oc-2b"/>
      </symbol>
      <symbol id="sm-92a">
         <name>free</name>
         <value>0x100136d</value>
         <object_component_ref idref="oc-482"/>
      </symbol>
      <symbol id="sm-92b">
         <name>memalign</name>
         <value>0x100126d</value>
         <object_component_ref idref="oc-5aa"/>
      </symbol>
      <symbol id="sm-92c">
         <name>malloc</name>
         <value>0x1002db1</value>
         <object_component_ref idref="oc-4e4"/>
      </symbol>
      <symbol id="sm-92d">
         <name>aligned_alloc</name>
         <value>0x100126d</value>
         <object_component_ref idref="oc-5aa"/>
      </symbol>
      <symbol id="sm-93f">
         <name>__stack</name>
         <value>0x2003f000</value>
         <object_component_ref idref="oc-2e"/>
      </symbol>
      <symbol id="sm-940">
         <name>_c_int00_noargs</name>
         <value>0x1002a99</value>
         <object_component_ref idref="oc-c6"/>
      </symbol>
      <symbol id="sm-94a">
         <name>__aeabi_idiv0</name>
         <value>0x1002dd3</value>
         <object_component_ref idref="oc-3e4"/>
      </symbol>
      <symbol id="sm-94b">
         <name>__aeabi_ldiv0</name>
         <value>0x1002dd3</value>
         <object_component_ref idref="oc-3e4"/>
      </symbol>
      <symbol id="sm-974">
         <name>__TI_auto_init_nobinit_nopinit</name>
         <value>0x1002645</value>
         <object_component_ref idref="oc-173"/>
      </symbol>
      <symbol id="sm-97e">
         <name>_system_pre_init</name>
         <value>0x1002dc7</value>
         <object_component_ref idref="oc-115"/>
      </symbol>
      <symbol id="sm-98a">
         <name>C$$EXIT</name>
         <value>0x1002dcb</value>
         <object_component_ref idref="oc-167"/>
      </symbol>
      <symbol id="sm-98b">
         <name>abort</name>
         <value>0x1002dcb</value>
         <object_component_ref idref="oc-167"/>
      </symbol>
      <symbol id="sm-9a0">
         <name>_nop</name>
         <value>0x1002b6b</value>
         <object_component_ref idref="oc-30a"/>
      </symbol>
      <symbol id="sm-9a1">
         <name>_lock</name>
         <value>0x200088a4</value>
         <object_component_ref idref="oc-21c"/>
      </symbol>
      <symbol id="sm-9a2">
         <name>_unlock</name>
         <value>0x200088a8</value>
         <object_component_ref idref="oc-21c"/>
      </symbol>
      <symbol id="sm-9a4">
         <name>__TI_static_base__</name>
         <value>0x1003078</value>
      </symbol>
      <symbol id="sm-9a7">
         <name>ITM_flush</name>
         <value>0x0</value>
      </symbol>
      <symbol id="sm-9a8">
         <name>ITM_restore</name>
         <value>0x0</value>
      </symbol>
      <symbol id="sm-9a9">
         <name>__mpu_init</name>
         <value>0x0</value>
      </symbol>
      <symbol id="sm-9aa">
         <name>_system_post_cinit</name>
         <value>0x0</value>
      </symbol>
      <symbol id="sm-9ab">
         <name>sleep</name>
         <value>0x10029ad</value>
      </symbol>
      <symbol id="sm-9ac">
         <name>usleep</name>
         <value>0x10023d1</value>
      </symbol>
      <symbol id="sm-9ad">
         <name>NoRTOS_start</name>
         <value>0x1002d67</value>
      </symbol>
   </symbol_table>
   <title>Link successful</title>
</link_info>
